{
  "com.gradle.publish:plugin-publish-plugin:1.2.1": {
    "plugin-publish-plugin-1.2.1.jar": {
      "url": "https://plugins.gradle.org/m2/com/gradle/publish/plugin-publish-plugin/1.2.1/plugin-publish-plugin-1.2.1.jar",
      "hash": "sha256-KY8MLpeVMhcaBaQWAyY3M7ZfiRE9ToCczQ4mmQFJ3hg="
    },
    "plugin-publish-plugin-1.2.1.module": {
      "url": "https://plugins.gradle.org/m2/com/gradle/publish/plugin-publish-plugin/1.2.1/plugin-publish-plugin-1.2.1.module",
      "hash": "sha256-w98uuag1ZdO2MVDYa0344o9mG1XOzdRJJ+RpMxA2yxk="
    },
    "plugin-publish-plugin-1.2.1.pom": {
      "url": "https://plugins.gradle.org/m2/com/gradle/publish/plugin-publish-plugin/1.2.1/plugin-publish-plugin-1.2.1.pom",
      "hash": "sha256-E6X+iu2+Rs/b6hLp/NcJemKygqpqtMkIZWuWzpoqX6M="
    }
  },
  "org.apache:apache:21": {
    "apache-21.pom": {
      "url": "https://plugins.gradle.org/m2/org/apache/apache/21/apache-21.pom",
      "hash": "sha256-rxDBCNoBTxfK+se1KytLWjocGCZfoq+XoyXZFDU3s4A="
    }
  },
  "org.apache.maven:maven:3.6.3": {
    "maven-3.6.3.pom": {
      "url": "https://plugins.gradle.org/m2/org/apache/maven/maven/3.6.3/maven-3.6.3.pom",
      "hash": "sha256-0thiRepmFJvBTS3XK7uWH5ZN1li4CaBXMlLAZTHu7BY="
    }
  },
  "org.apache.maven:maven-model:3.6.3": {
    "maven-model-3.6.3.jar": {
      "url": "https://plugins.gradle.org/m2/org/apache/maven/maven-model/3.6.3/maven-model-3.6.3.jar",
      "hash": "sha256-F87x9Y4UbvDX2elrO5LZih1v19KzKIulOOj/Hg2RYM8="
    },
    "maven-model-3.6.3.pom": {
      "url": "https://plugins.gradle.org/m2/org/apache/maven/maven-model/3.6.3/maven-model-3.6.3.pom",
      "hash": "sha256-fHIOjLA9KFxxzW4zTZyeWWBivdMQ7grRX1xHmpkxVPA="
    }
  },
  "org.apache.maven:maven-parent:33": {
    "maven-parent-33.pom": {
      "url": "https://plugins.gradle.org/m2/org/apache/maven/maven-parent/33/maven-parent-33.pom",
      "hash": "sha256-OFbj/NFpUC1fEv4kUmBOv2x8Al8VZWv6VY6pntKdc+o="
    }
  },
  "org.gradle.kotlin:gradle-kotlin-dsl-plugins:4.3.0": {
    "gradle-kotlin-dsl-plugins-4.3.0.jar": {
      "url": "https://plugins.gradle.org/m2/org/gradle/kotlin/gradle-kotlin-dsl-plugins/4.3.0/gradle-kotlin-dsl-plugins-4.3.0.jar",
      "hash": "sha256-+IsyeBRxXRfiD4to/wCbmrGo+8GjyRLDO4TfucEVn78="
    },
    "gradle-kotlin-dsl-plugins-4.3.0.module": {
      "url": "https://plugins.gradle.org/m2/org/gradle/kotlin/gradle-kotlin-dsl-plugins/4.3.0/gradle-kotlin-dsl-plugins-4.3.0.module",
      "hash": "sha256-wDF/LfYjmTSfi1NHpsZme9yjHMt1meBsKG/IOPxM7c0="
    },
    "gradle-kotlin-dsl-plugins-4.3.0.pom": {
      "url": "https://plugins.gradle.org/m2/org/gradle/kotlin/gradle-kotlin-dsl-plugins/4.3.0/gradle-kotlin-dsl-plugins-4.3.0.pom",
      "hash": "sha256-d1G9LyTDRdGbRhGy5+1NZfT1YIA2iuNqpyT5X63VbDw="
    }
  },
  "org.gradle.kotlin.kotlin-dsl:org.gradle.kotlin.kotlin-dsl.gradle.plugin:4.3.0": {
    "org.gradle.kotlin.kotlin-dsl.gradle.plugin-4.3.0.pom": {
      "url": "https://plugins.gradle.org/m2/org/gradle/kotlin/kotlin-dsl/org.gradle.kotlin.kotlin-dsl.gradle.plugin/4.3.0/org.gradle.kotlin.kotlin-dsl.gradle.plugin-4.3.0.pom",
      "hash": "sha256-hgR9KoSpaXsVkXDj1rLL9Cpv5UCQTYdZzJ8JUsmUnXw="
    }
  },
  "org.jetbrains:annotations:13.0": {
    "annotations-13.0.jar": {
      "url": "https://plugins.gradle.org/m2/org/jetbrains/annotations/13.0/annotations-13.0.jar",
      "hash": "sha256-rOKhDcji1f00kl7KwD5JiLLA+FFlDJS4zvSbob0RFHg="
    },
    "annotations-13.0.pom": {
      "url": "https://plugins.gradle.org/m2/org/jetbrains/annotations/13.0/annotations-13.0.pom",
      "hash": "sha256-llrrK+3/NpgZvd4b96CzuJuCR91pyIuGN112Fju4w5c="
    }
  },
  "org.jetbrains.intellij.deps:trove4j:1.0.20200330": {
    "trove4j-1.0.20200330.jar": {
      "url": "https://plugins.gradle.org/m2/org/jetbrains/intellij/deps/trove4j/1.0.20200330/trove4j-1.0.20200330.jar",
      "hash": "sha256-xf1yW/+rUYRr88d9sTg8YKquv+G3/i8A0j/ht98KQ50="
    },
    "trove4j-1.0.20200330.pom": {
      "url": "https://plugins.gradle.org/m2/org/jetbrains/intellij/deps/trove4j/1.0.20200330/trove4j-1.0.20200330.pom",
      "hash": "sha256-h3IcuqZaPJfYsbqdIHhA8WTJ/jh1n8nqEP/iZWX40+k="
    }
  },
  "org.jetbrains.kotlin:kotlin-android-extensions:1.9.22": {
    "kotlin-android-extensions-1.9.22.jar": {
      "url": "https://plugins.gradle.org/m2/org/jetbrains/kotlin/kotlin-android-extensions/1.9.22/kotlin-android-extensions-1.9.22.jar",
      "hash": "sha256-Hl6IFkKpnduPbRPmmVoIwZK8OEGHOWZj2ER8CB2H4k8="
    },
    "kotlin-android-extensions-1.9.22.pom": {
      "url": "https://plugins.gradle.org/m2/org/jetbrains/kotlin/kotlin-android-extensions/1.9.22/kotlin-android-extensions-1.9.22.pom",
      "hash": "sha256-lEt8+zPgpvtoRVkEjwKMuWMmyTKiRdXLAhQ7zSwDEVk="
    }
  },
  "org.jetbrains.kotlin:kotlin-assignment:1.9.22": {
    "kotlin-assignment-1.9.22-gradle82.jar": {
      "url": "https://plugins.gradle.org/m2/org/jetbrains/kotlin/kotlin-assignment/1.9.22/kotlin-assignment-1.9.22-gradle82.jar",
      "hash": "sha256-SbgHX6DiGLoRuhim9yUE38XwOZQovs8Ta9yHHceBgMU="
    },
    "kotlin-assignment-1.9.22.module": {
      "url": "https://plugins.gradle.org/m2/org/jetbrains/kotlin/kotlin-assignment/1.9.22/kotlin-assignment-1.9.22.module",
      "hash": "sha256-bxIe+E4ozzMG/eTDHVXC2D14RPJLDnslZfh7Apn7sx0="
    },
    "kotlin-assignment-1.9.22.pom": {
      "url": "https://plugins.gradle.org/m2/org/jetbrains/kotlin/kotlin-assignment/1.9.22/kotlin-assignment-1.9.22.pom",
      "hash": "sha256-9kQYoM3bm9hQ96/CasjyPon7ptlgSNqnNZVWJ5AgbwA="
    }
  },
  "org.jetbrains.kotlin:kotlin-assignment-compiler-plugin-embeddable:1.9.22": {
    "kotlin-assignment-compiler-plugin-embeddable-1.9.22.jar": {
      "url": "https://plugins.gradle.org/m2/org/jetbrains/kotlin/kotlin-assignment-compiler-plugin-embeddable/1.9.22/kotlin-assignment-compiler-plugin-embeddable-1.9.22.jar",
      "hash": "sha256-KmHdIZ/tvlMYo7HiPA9zm0XtG1sksLZzdRm3hF6Alfg="
    },
    "kotlin-assignment-compiler-plugin-embeddable-1.9.22.pom": {
      "url": "https://plugins.gradle.org/m2/org/jetbrains/kotlin/kotlin-assignment-compiler-plugin-embeddable/1.9.22/kotlin-assignment-compiler-plugin-embeddable-1.9.22.pom",
      "hash": "sha256-nbJr6D8/Y8Uf972pHjpqQNTDTaAj5ilsAQW7SqZvzJI="
    }
  },
  "org.jetbrains.kotlin:kotlin-build-common:1.9.22": {
    "kotlin-build-common-1.9.22.jar": {
      "url": "https://plugins.gradle.org/m2/org/jetbrains/kotlin/kotlin-build-common/1.9.22/kotlin-build-common-1.9.22.jar",
      "hash": "sha256-U8PcxTA/WQPmJgrqc+zMaTD5o276KhHNO9On5V32OWY="
    },
    "kotlin-build-common-1.9.22.pom": {
      "url": "https://plugins.gradle.org/m2/org/jetbrains/kotlin/kotlin-build-common/1.9.22/kotlin-build-common-1.9.22.pom",
      "hash": "sha256-KXxfSYoHdIPvic06cQzSt/LlrjgPOjrt+5xBvGI7E0A="
    }
  },
  "org.jetbrains.kotlin:kotlin-build-tools-api:1.9.22": {
    "kotlin-build-tools-api-1.9.22.jar": {
      "url": "https://plugins.gradle.org/m2/org/jetbrains/kotlin/kotlin-build-tools-api/1.9.22/kotlin-build-tools-api-1.9.22.jar",
      "hash": "sha256-3UnLfij08zgvUlDPsFyGT9XwqW0yZbspPHezCtzJP/Y="
    },
    "kotlin-build-tools-api-1.9.22.pom": {
      "url": "https://plugins.gradle.org/m2/org/jetbrains/kotlin/kotlin-build-tools-api/1.9.22/kotlin-build-tools-api-1.9.22.pom",
      "hash": "sha256-DFZLu4fcXs32Q005buob886Xar8IgYCN0Wb6SbBGSfs="
    }
  },
  "org.jetbrains.kotlin:kotlin-build-tools-impl:1.9.22": {
    "kotlin-build-tools-impl-1.9.22.jar": {
      "url": "https://plugins.gradle.org/m2/org/jetbrains/kotlin/kotlin-build-tools-impl/1.9.22/kotlin-build-tools-impl-1.9.22.jar",
      "hash": "sha256-G0jW3gQqUl9jtVdROuEmbWmTSCJbAT+UDjLGPeJolCg="
    },
    "kotlin-build-tools-impl-1.9.22.pom": {
      "url": "https://plugins.gradle.org/m2/org/jetbrains/kotlin/kotlin-build-tools-impl/1.9.22/kotlin-build-tools-impl-1.9.22.pom",
      "hash": "sha256-tWM/E0m+lcdHRuHimiqm51LoneGrmmUjSS85j6aVWN0="
    }
  },
  "org.jetbrains.kotlin:kotlin-compiler-embeddable:1.9.22": {
    "kotlin-compiler-embeddable-1.9.22.jar": {
      "url": "https://plugins.gradle.org/m2/org/jetbrains/kotlin/kotlin-compiler-embeddable/1.9.22/kotlin-compiler-embeddable-1.9.22.jar",
      "hash": "sha256-K/6t7lmrGYjDNtvW5l2ZH3Zq4d2Gg/Km3tX6oCefDKA="
    },
    "kotlin-compiler-embeddable-1.9.22.pom": {
      "url": "https://plugins.gradle.org/m2/org/jetbrains/kotlin/kotlin-compiler-embeddable/1.9.22/kotlin-compiler-embeddable-1.9.22.pom",
      "hash": "sha256-s9o0u29ClqzzoPRDRm8FBsbJnaXNliTW4LdFsiKHhOs="
    }
  },
  "org.jetbrains.kotlin:kotlin-compiler-runner:1.9.22": {
    "kotlin-compiler-runner-1.9.22.jar": {
      "url": "https://plugins.gradle.org/m2/org/jetbrains/kotlin/kotlin-compiler-runner/1.9.22/kotlin-compiler-runner-1.9.22.jar",
      "hash": "sha256-c+x1u5nr/6iySiSjuFPz9mCWvEapNRrw2sk967acFes="
    },
    "kotlin-compiler-runner-1.9.22.pom": {
      "url": "https://plugins.gradle.org/m2/org/jetbrains/kotlin/kotlin-compiler-runner/1.9.22/kotlin-compiler-runner-1.9.22.pom",
      "hash": "sha256-pO6KZ8HW8lODjAAnKAvLgFCsDc3MrZdIlhOKaaAX6wE="
    }
  },
  "org.jetbrains.kotlin:kotlin-daemon-client:1.9.22": {
    "kotlin-daemon-client-1.9.22.jar": {
      "url": "https://plugins.gradle.org/m2/org/jetbrains/kotlin/kotlin-daemon-client/1.9.22/kotlin-daemon-client-1.9.22.jar",
      "hash": "sha256-XXPhgVsRZ+Sv4gjwCyp1wIC8WoEHhsqtuOFHh1k6k7k="
    },
    "kotlin-daemon-client-1.9.22.pom": {
      "url": "https://plugins.gradle.org/m2/org/jetbrains/kotlin/kotlin-daemon-client/1.9.22/kotlin-daemon-client-1.9.22.pom",
      "hash": "sha256-YsRKZZ2lXbb7El4pKbmNUEow4fSvgU4I5JIUJqpST4o="
    }
  },
  "org.jetbrains.kotlin:kotlin-daemon-embeddable:1.9.22": {
    "kotlin-daemon-embeddable-1.9.22.jar": {
      "url": "https://plugins.gradle.org/m2/org/jetbrains/kotlin/kotlin-daemon-embeddable/1.9.22/kotlin-daemon-embeddable-1.9.22.jar",
      "hash": "sha256-kqV4ExcUR9U0Rh+hP+N9yM07f4bYPpsfe7GwvjBUH4s="
    },
    "kotlin-daemon-embeddable-1.9.22.pom": {
      "url": "https://plugins.gradle.org/m2/org/jetbrains/kotlin/kotlin-daemon-embeddable/1.9.22/kotlin-daemon-embeddable-1.9.22.pom",
      "hash": "sha256-9uo9z2v7Og0GmER8SKa88I2Oqs+D/JX+nUGBpeXjwrE="
    }
  },
  "org.jetbrains.kotlin:kotlin-gradle-plugin:1.9.22": {
    "kotlin-gradle-plugin-1.9.22-gradle82.jar": {
      "url": "https://plugins.gradle.org/m2/org/jetbrains/kotlin/kotlin-gradle-plugin/1.9.22/kotlin-gradle-plugin-1.9.22-gradle82.jar",
      "hash": "sha256-1OcY3V8wxrqTLZPM/FswFendPkQUOgUrh3Ao8frlQtw="
    },
    "kotlin-gradle-plugin-1.9.22.module": {
      "url": "https://plugins.gradle.org/m2/org/jetbrains/kotlin/kotlin-gradle-plugin/1.9.22/kotlin-gradle-plugin-1.9.22.module",
      "hash": "sha256-pPRqwMq9jVzbaJ0tN9GdWFhPcIv59k/+TpgKL/dTS7U="
    },
    "kotlin-gradle-plugin-1.9.22.pom": {
      "url": "https://plugins.gradle.org/m2/org/jetbrains/kotlin/kotlin-gradle-plugin/1.9.22/kotlin-gradle-plugin-1.9.22.pom",
      "hash": "sha256-A3750tSupA9JKdglE1g+STwOBRVuDaix1/Ujurhobyc="
    }
  },
  "org.jetbrains.kotlin:kotlin-gradle-plugin-annotations:1.9.22": {
    "kotlin-gradle-plugin-annotations-1.9.22.jar": {
      "url": "https://plugins.gradle.org/m2/org/jetbrains/kotlin/kotlin-gradle-plugin-annotations/1.9.22/kotlin-gradle-plugin-annotations-1.9.22.jar",
      "hash": "sha256-lnaDy5jZkQFFYH+/W0VilbQ/Cq+Tsbunv2mS5zHLJOw="
    },
    "kotlin-gradle-plugin-annotations-1.9.22.pom": {
      "url": "https://plugins.gradle.org/m2/org/jetbrains/kotlin/kotlin-gradle-plugin-annotations/1.9.22/kotlin-gradle-plugin-annotations-1.9.22.pom",
      "hash": "sha256-Y7por+B4/3D3CPnpecaTxFv+iQQfeWQbC4H2tKEm7rs="
    }
  },
  "org.jetbrains.kotlin:kotlin-gradle-plugin-api:1.9.22": {
    "kotlin-gradle-plugin-api-1.9.22-gradle82.jar": {
      "url": "https://plugins.gradle.org/m2/org/jetbrains/kotlin/kotlin-gradle-plugin-api/1.9.22/kotlin-gradle-plugin-api-1.9.22-gradle82.jar",
      "hash": "sha256-7P9nVGBlxg4JX7k7P4i5uS7R7cN+P+u8b57TVCL6QSs="
    },
    "kotlin-gradle-plugin-api-1.9.22.jar": {
      "url": "https://plugins.gradle.org/m2/org/jetbrains/kotlin/kotlin-gradle-plugin-api/1.9.22/kotlin-gradle-plugin-api-1.9.22.jar",
      "hash": "sha256-7P9nVGBlxg4JX7k7P4i5uS7R7cN+P+u8b57TVCL6QSs="
    },
    "kotlin-gradle-plugin-api-1.9.22.module": {
      "url": "https://plugins.gradle.org/m2/org/jetbrains/kotlin/kotlin-gradle-plugin-api/1.9.22/kotlin-gradle-plugin-api-1.9.22.module",
      "hash": "sha256-H0SJxTBPmlEqVof/zAqvCTCvydcgUdOpBfrAcANi+3s="
    },
    "kotlin-gradle-plugin-api-1.9.22.pom": {
      "url": "https://plugins.gradle.org/m2/org/jetbrains/kotlin/kotlin-gradle-plugin-api/1.9.22/kotlin-gradle-plugin-api-1.9.22.pom",
      "hash": "sha256-ZAFewaGutVCqGCjCQuIoODDFD2g2TkCDH+FYj9wEEfU="
    }
  },
  "org.jetbrains.kotlin:kotlin-gradle-plugin-idea:1.9.22": {
    "kotlin-gradle-plugin-idea-1.9.22.jar": {
      "url": "https://plugins.gradle.org/m2/org/jetbrains/kotlin/kotlin-gradle-plugin-idea/1.9.22/kotlin-gradle-plugin-idea-1.9.22.jar",
      "hash": "sha256-jRr4djLZUUjxIqn6CuKQPBnub6t9AeAX924NLJoCLCA="
    },
    "kotlin-gradle-plugin-idea-1.9.22.module": {
      "url": "https://plugins.gradle.org/m2/org/jetbrains/kotlin/kotlin-gradle-plugin-idea/1.9.22/kotlin-gradle-plugin-idea-1.9.22.module",
      "hash": "sha256-z+LCbjMPaAMsAD+lJMAx5aYPzo2Jn/8uQjFBKL60QCs="
    },
    "kotlin-gradle-plugin-idea-1.9.22.pom": {
      "url": "https://plugins.gradle.org/m2/org/jetbrains/kotlin/kotlin-gradle-plugin-idea/1.9.22/kotlin-gradle-plugin-idea-1.9.22.pom",
      "hash": "sha256-3BSjKHVDun5QRs1OCVAtJ4hMqYfshwb1+xid54luOsw="
    }
  },
  "org.jetbrains.kotlin:kotlin-gradle-plugin-idea-proto:1.9.22": {
    "kotlin-gradle-plugin-idea-proto-1.9.22.jar": {
      "url": "https://plugins.gradle.org/m2/org/jetbrains/kotlin/kotlin-gradle-plugin-idea-proto/1.9.22/kotlin-gradle-plugin-idea-proto-1.9.22.jar",
      "hash": "sha256-9dgu5hlmotmK364Z8k1hcwIsFUBIls3yNjQANe5owPU="
    },
    "kotlin-gradle-plugin-idea-proto-1.9.22.pom": {
      "url": "https://plugins.gradle.org/m2/org/jetbrains/kotlin/kotlin-gradle-plugin-idea-proto/1.9.22/kotlin-gradle-plugin-idea-proto-1.9.22.pom",
      "hash": "sha256-huMsqCkn2ogKHPNDpA7MIJgHXm/XInOzTVDfpUTzRjs="
    }
  },
  "org.jetbrains.kotlin:kotlin-gradle-plugin-model:1.9.22": {
    "kotlin-gradle-plugin-model-1.9.22.jar": {
      "url": "https://plugins.gradle.org/m2/org/jetbrains/kotlin/kotlin-gradle-plugin-model/1.9.22/kotlin-gradle-plugin-model-1.9.22.jar",
      "hash": "sha256-UQj61b4UmCXs46ABA8PCHPGv6VS7ZLhweJVyk511OMs="
    },
    "kotlin-gradle-plugin-model-1.9.22.module": {
      "url": "https://plugins.gradle.org/m2/org/jetbrains/kotlin/kotlin-gradle-plugin-model/1.9.22/kotlin-gradle-plugin-model-1.9.22.module",
      "hash": "sha256-L/MBPfK6epteiwBOhIF1DI0PqVOtAHoZbYXSY2cdvq4="
    },
    "kotlin-gradle-plugin-model-1.9.22.pom": {
      "url": "https://plugins.gradle.org/m2/org/jetbrains/kotlin/kotlin-gradle-plugin-model/1.9.22/kotlin-gradle-plugin-model-1.9.22.pom",
      "hash": "sha256-gfUmlHml2X7oeSpITIMr495DgggSZxlhUAHKyI5C9qg="
    }
  },
  "org.jetbrains.kotlin:kotlin-gradle-plugins-bom:1.9.22": {
    "kotlin-gradle-plugins-bom-1.9.22.module": {
      "url": "https://plugins.gradle.org/m2/org/jetbrains/kotlin/kotlin-gradle-plugins-bom/1.9.22/kotlin-gradle-plugins-bom-1.9.22.module",
      "hash": "sha256-Qj401h0iCxoN3BgUCGqM6rTa2ed5ArDOjLRyG789xu0="
    },
    "kotlin-gradle-plugins-bom-1.9.22.pom": {
      "url": "https://plugins.gradle.org/m2/org/jetbrains/kotlin/kotlin-gradle-plugins-bom/1.9.22/kotlin-gradle-plugins-bom-1.9.22.pom",
      "hash": "sha256-da2/XHjOJHwiuvNijQs/8c9+19N9YB66cwTXerdb3Z8="
    }
  },
  "org.jetbrains.kotlin:kotlin-klib-commonizer-api:1.9.22": {
    "kotlin-klib-commonizer-api-1.9.22.jar": {
      "url": "https://plugins.gradle.org/m2/org/jetbrains/kotlin/kotlin-klib-commonizer-api/1.9.22/kotlin-klib-commonizer-api-1.9.22.jar",
      "hash": "sha256-jC9lQpwYLi5KLgnLkQ5iuW227tKFWUuPga+CO35ZROI="
    },
    "kotlin-klib-commonizer-api-1.9.22.pom": {
      "url": "https://plugins.gradle.org/m2/org/jetbrains/kotlin/kotlin-klib-commonizer-api/1.9.22/kotlin-klib-commonizer-api-1.9.22.pom",
      "hash": "sha256-EMrJcNMAo0icM/CzBBVv8DLZWVm+WqrDuIAoKtWGIv4="
    }
  },
  "org.jetbrains.kotlin:kotlin-klib-commonizer-embeddable:1.9.22": {
    "kotlin-klib-commonizer-embeddable-1.9.22.jar": {
      "url": "https://plugins.gradle.org/m2/org/jetbrains/kotlin/kotlin-klib-commonizer-embeddable/1.9.22/kotlin-klib-commonizer-embeddable-1.9.22.jar",
      "hash": "sha256-c/50PnTSEoPTg9C6voX9CMRCr8GnvYgIL42gUQ0FPUs="
    },
    "kotlin-klib-commonizer-embeddable-1.9.22.pom": {
      "url": "https://plugins.gradle.org/m2/org/jetbrains/kotlin/kotlin-klib-commonizer-embeddable/1.9.22/kotlin-klib-commonizer-embeddable-1.9.22.pom",
      "hash": "sha256-dxghItppe2YqSRPX3Z/mu68ATOhH/YZ9oj6v8MTIJEs="
    }
  },
  "org.jetbrains.kotlin:kotlin-native-utils:1.9.22": {
    "kotlin-native-utils-1.9.22.jar": {
      "url": "https://plugins.gradle.org/m2/org/jetbrains/kotlin/kotlin-native-utils/1.9.22/kotlin-native-utils-1.9.22.jar",
      "hash": "sha256-eGwSfdVTXbLDmuWXzQsMrZ6RS4PiNvHbAlEjXMnGUqw="
    },
    "kotlin-native-utils-1.9.22.pom": {
      "url": "https://plugins.gradle.org/m2/org/jetbrains/kotlin/kotlin-native-utils/1.9.22/kotlin-native-utils-1.9.22.pom",
      "hash": "sha256-EcUUwF7qOuno4Wq0l5bxEd9DxzSCMeNfr0xCjMT3Q+o="
    }
  },
  "org.jetbrains.kotlin:kotlin-project-model:1.9.22": {
    "kotlin-project-model-1.9.22.jar": {
      "url": "https://plugins.gradle.org/m2/org/jetbrains/kotlin/kotlin-project-model/1.9.22/kotlin-project-model-1.9.22.jar",
      "hash": "sha256-zBHVwLGQnFsKCP0l7w51T/0r9Wyu9mX7eFEiI15UKhg="
    },
    "kotlin-project-model-1.9.22.pom": {
      "url": "https://plugins.gradle.org/m2/org/jetbrains/kotlin/kotlin-project-model/1.9.22/kotlin-project-model-1.9.22.pom",
      "hash": "sha256-659KFngb/ADM7IAw++XuIo5vKydxxQwmezIY/rAGW0A="
    }
  },
  "org.jetbrains.kotlin:kotlin-reflect:1.9.22": {
    "kotlin-reflect-1.9.22.jar": {
      "url": "https://plugins.gradle.org/m2/org/jetbrains/kotlin/kotlin-reflect/1.9.22/kotlin-reflect-1.9.22.jar",
      "hash": "sha256-d/MRyhOEgR1Rn9o4n8sSaL2qBY1gUEbg7edsA7DfPpc="
    },
    "kotlin-reflect-1.9.22.pom": {
      "url": "https://plugins.gradle.org/m2/org/jetbrains/kotlin/kotlin-reflect/1.9.22/kotlin-reflect-1.9.22.pom",
      "hash": "sha256-xxLjWN97kxi2j1RjlxsIhnODf8DKQoXRw4LIEC7da18="
    }
  },
  "org.jetbrains.kotlin:kotlin-reflect:1.6.10": {
    "kotlin-reflect-1.6.10.jar": {
      "url": "https://plugins.gradle.org/m2/org/jetbrains/kotlin/kotlin-reflect/1.6.10/kotlin-reflect-1.6.10.jar",
      "hash": "sha256-MnesECrheq0QpVq+x1/1aWyNEJeQOWQ0tJbnUIeFQgM="
    },
    "kotlin-reflect-1.6.10.pom": {
      "url": "https://plugins.gradle.org/m2/org/jetbrains/kotlin/kotlin-reflect/1.6.10/kotlin-reflect-1.6.10.pom",
      "hash": "sha256-V5BVJCdKAK4CiqzMJyg/a8WSWpNKBGwcxdBsjuTW1ak="
    }
  },
  "org.jetbrains.kotlin:kotlin-sam-with-receiver:1.9.22": {
    "kotlin-sam-with-receiver-1.9.22-gradle82.jar": {
      "url": "https://plugins.gradle.org/m2/org/jetbrains/kotlin/kotlin-sam-with-receiver/1.9.22/kotlin-sam-with-receiver-1.9.22-gradle82.jar",
      "hash": "sha256-cvvN3L25ZaQ9uWfLKjGaXXp3NttQrCA8lrmatVc5wkE="
    },
    "kotlin-sam-with-receiver-1.9.22.module": {
      "url": "https://plugins.gradle.org/m2/org/jetbrains/kotlin/kotlin-sam-with-receiver/1.9.22/kotlin-sam-with-receiver-1.9.22.module",
      "hash": "sha256-7rpm+YBjiXkSCkm5/aW4YeEHLWCQIzi1NyYH8kljDC0="
    },
    "kotlin-sam-with-receiver-1.9.22.pom": {
      "url": "https://plugins.gradle.org/m2/org/jetbrains/kotlin/kotlin-sam-with-receiver/1.9.22/kotlin-sam-with-receiver-1.9.22.pom",
      "hash": "sha256-AD+clOG/rX8ZDm70F+kTOhCjH3hRMBPlkHS2DzZZLCY="
    }
  },
  "org.jetbrains.kotlin:kotlin-sam-with-receiver-compiler-plugin-embeddable:1.9.22": {
    "kotlin-sam-with-receiver-compiler-plugin-embeddable-1.9.22.jar": {
      "url": "https://plugins.gradle.org/m2/org/jetbrains/kotlin/kotlin-sam-with-receiver-compiler-plugin-embeddable/1.9.22/kotlin-sam-with-receiver-compiler-plugin-embeddable-1.9.22.jar",
      "hash": "sha256-jqUUoRQABsxXoHMVsVoTaI7W/qFwfzrJjpzoCVu2z38="
    },
    "kotlin-sam-with-receiver-compiler-plugin-embeddable-1.9.22.pom": {
      "url": "https://plugins.gradle.org/m2/org/jetbrains/kotlin/kotlin-sam-with-receiver-compiler-plugin-embeddable/1.9.22/kotlin-sam-with-receiver-compiler-plugin-embeddable-1.9.22.pom",
      "hash": "sha256-MM9L0JPCbn/Ryt/F1Qop5q60WXUSeia84rEJUfJPgqo="
    }
  },
  "org.jetbrains.kotlin:kotlin-script-runtime:1.9.22": {
    "kotlin-script-runtime-1.9.22.jar": {
      "url": "https://plugins.gradle.org/m2/org/jetbrains/kotlin/kotlin-script-runtime/1.9.22/kotlin-script-runtime-1.9.22.jar",
      "hash": "sha256-uAZwV59/ktRz2NWDTwsST3dVxFmP6UskQYOwKDSDRXQ="
    },
    "kotlin-script-runtime-1.9.22.pom": {
      "url": "https://plugins.gradle.org/m2/org/jetbrains/kotlin/kotlin-script-runtime/1.9.22/kotlin-script-runtime-1.9.22.pom",
      "hash": "sha256-/ra0ns9pEG1MEoXnH5ob2noSfO9oMC4+n9yCmKTjR5U="
    }
  },
  "org.jetbrains.kotlin:kotlin-scripting-common:1.9.22": {
    "kotlin-scripting-common-1.9.22.jar": {
      "url": "https://plugins.gradle.org/m2/org/jetbrains/kotlin/kotlin-scripting-common/1.9.22/kotlin-scripting-common-1.9.22.jar",
      "hash": "sha256-+lAMvwNJQ++BJvPT3GWvCf+Z3//kTFCZtPwu1b8vXcc="
    },
    "kotlin-scripting-common-1.9.22.pom": {
      "url": "https://plugins.gradle.org/m2/org/jetbrains/kotlin/kotlin-scripting-common/1.9.22/kotlin-scripting-common-1.9.22.pom",
      "hash": "sha256-ROURI7DCfm/ZM/wma00Nrw8GhKYq7Z/mhC6Noz8qKz8="
    }
  },
  "org.jetbrains.kotlin:kotlin-scripting-compiler-embeddable:1.9.22": {
    "kotlin-scripting-compiler-embeddable-1.9.22.jar": {
      "url": "https://plugins.gradle.org/m2/org/jetbrains/kotlin/kotlin-scripting-compiler-embeddable/1.9.22/kotlin-scripting-compiler-embeddable-1.9.22.jar",
      "hash": "sha256-Ij/shIMCNEmc1MeiPqHJLroSfEGzXZux1LYdJBVa6zU="
    },
    "kotlin-scripting-compiler-embeddable-1.9.22.pom": {
      "url": "https://plugins.gradle.org/m2/org/jetbrains/kotlin/kotlin-scripting-compiler-embeddable/1.9.22/kotlin-scripting-compiler-embeddable-1.9.22.pom",
      "hash": "sha256-wWCPP7yyqfdSPq0zWZwurc5MgSFhqeBmufSwBa97Qxw="
    }
  },
  "org.jetbrains.kotlin:kotlin-scripting-compiler-impl-embeddable:1.9.22": {
    "kotlin-scripting-compiler-impl-embeddable-1.9.22.jar": {
      "url": "https://plugins.gradle.org/m2/org/jetbrains/kotlin/kotlin-scripting-compiler-impl-embeddable/1.9.22/kotlin-scripting-compiler-impl-embeddable-1.9.22.jar",
      "hash": "sha256-OJkYFqKH/3YkHxp35/ERZIHU6To9tjJZplfd4g5tD2U="
    },
    "kotlin-scripting-compiler-impl-embeddable-1.9.22.pom": {
      "url": "https://plugins.gradle.org/m2/org/jetbrains/kotlin/kotlin-scripting-compiler-impl-embeddable/1.9.22/kotlin-scripting-compiler-impl-embeddable-1.9.22.pom",
      "hash": "sha256-gmccM6lXsuKoINZqaSwvzmPjvwR/HLJeb7A5HF3c8uc="
    }
  },
  "org.jetbrains.kotlin:kotlin-scripting-jvm:1.9.22": {
    "kotlin-scripting-jvm-1.9.22.jar": {
      "url": "https://plugins.gradle.org/m2/org/jetbrains/kotlin/kotlin-scripting-jvm/1.9.22/kotlin-scripting-jvm-1.9.22.jar",
      "hash": "sha256-jRJ9dvz6BRfDbB6g4ijs4D1aRoJkKgH2R5prvccxKik="
    },
    "kotlin-scripting-jvm-1.9.22.pom": {
      "url": "https://plugins.gradle.org/m2/org/jetbrains/kotlin/kotlin-scripting-jvm/1.9.22/kotlin-scripting-jvm-1.9.22.pom",
      "hash": "sha256-cBJS6huo/4f8M0dqYePVxtnS3aQbqpiZTdaYDuE/vG0="
    }
  },
  "org.jetbrains.kotlin:kotlin-stdlib:1.9.22": {
    "kotlin-stdlib-1.9.22-all.jar": {
      "url": "https://plugins.gradle.org/m2/org/jetbrains/kotlin/kotlin-stdlib/1.9.22/kotlin-stdlib-1.9.22-all.jar",
      "hash": "sha256-zsOLwzAucqiq+c3kNrWpBx7gMx4q0F6E2LuJczTX6dQ="
    },
    "kotlin-stdlib-1.9.22.jar": {
      "url": "https://plugins.gradle.org/m2/org/jetbrains/kotlin/kotlin-stdlib/1.9.22/kotlin-stdlib-1.9.22.jar",
      "hash": "sha256-ar4UbCeGQTi4dMzM/l9TTj65I8maG3tdRUlO5WlPPgo="
    },
    "kotlin-stdlib-1.9.22.module": {
      "url": "https://plugins.gradle.org/m2/org/jetbrains/kotlin/kotlin-stdlib/1.9.22/kotlin-stdlib-1.9.22.module",
      "hash": "sha256-9IIxS1B5wUVfb7DUJXp0XRAcYSTOlhUiuob53JCQHkc="
    },
    "kotlin-stdlib-1.9.22.pom": {
      "url": "https://plugins.gradle.org/m2/org/jetbrains/kotlin/kotlin-stdlib/1.9.22/kotlin-stdlib-1.9.22.pom",
      "hash": "sha256-zOLxUoXsgHijd0a1cwigVAQt1cwlQgxD9zt4V8JGjwM="
    }
  },
  "org.jetbrains.kotlin:kotlin-tooling-core:1.9.22": {
    "kotlin-tooling-core-1.9.22.jar": {
      "url": "https://plugins.gradle.org/m2/org/jetbrains/kotlin/kotlin-tooling-core/1.9.22/kotlin-tooling-core-1.9.22.jar",
      "hash": "sha256-iTjrl+NjINqj5vsqYP0qBbIy/0pVcXPFAZ8EW4gy2fQ="
    },
    "kotlin-tooling-core-1.9.22.pom": {
      "url": "https://plugins.gradle.org/m2/org/jetbrains/kotlin/kotlin-tooling-core/1.9.22/kotlin-tooling-core-1.9.22.pom",
      "hash": "sha256-FPx/NcY15fzRvqU3q0+kQxLoQyUtUzNRnjaxJeoImyE="
    }
  },
  "org.jetbrains.kotlin:kotlin-util-io:1.9.22": {
    "kotlin-util-io-1.9.22.jar": {
      "url": "https://plugins.gradle.org/m2/org/jetbrains/kotlin/kotlin-util-io/1.9.22/kotlin-util-io-1.9.22.jar",
      "hash": "sha256-9telhJGjeLCDrRvq1IikheEdFgsx52wYwa1SDx0o9Gs="
    },
    "kotlin-util-io-1.9.22.pom": {
      "url": "https://plugins.gradle.org/m2/org/jetbrains/kotlin/kotlin-util-io/1.9.22/kotlin-util-io-1.9.22.pom",
      "hash": "sha256-ZP1qINbsBAE7ttdWJ/ZYC7c2QdlIkJ1cFmTi53MQbe4="
    }
  },
  "org.jetbrains.kotlin:kotlin-util-klib:1.9.22": {
    "kotlin-util-klib-1.9.22.jar": {
      "url": "https://plugins.gradle.org/m2/org/jetbrains/kotlin/kotlin-util-klib/1.9.22/kotlin-util-klib-1.9.22.jar",
      "hash": "sha256-pnnuL1EPOrkmkYGN5etbCQLobYjJdnTn20TcTyJSxfk="
    },
    "kotlin-util-klib-1.9.22.pom": {
      "url": "https://plugins.gradle.org/m2/org/jetbrains/kotlin/kotlin-util-klib/1.9.22/kotlin-util-klib-1.9.22.pom",
      "hash": "sha256-Dep9//Cit0CIrJlwQ8vCQINdK/9Zs5/MiwysbqPrNpc="
    }
  },
  "org.jetbrains.kotlinx:kotlinx-coroutines-core-jvm:1.5.0": {
    "kotlinx-coroutines-core-jvm-1.5.0.jar": {
      "url": "https://plugins.gradle.org/m2/org/jetbrains/kotlinx/kotlinx-coroutines-core-jvm/1.5.0/kotlinx-coroutines-core-jvm-1.5.0.jar",
      "hash": "sha256-eNbMcTX4TWkv83Uvz9H6G74JQNffcGUuTx6u7Ax4r7s="
    },
    "kotlinx-coroutines-core-jvm-1.5.0.module": {
      "url": "https://plugins.gradle.org/m2/org/jetbrains/kotlinx/kotlinx-coroutines-core-jvm/1.5.0/kotlinx-coroutines-core-jvm-1.5.0.module",
      "hash": "sha256-yIXdAoEHbFhDgm3jF+PLzcPYhZ2+71OuHPrNG5xg+W4="
    },
    "kotlinx-coroutines-core-jvm-1.5.0.pom": {
      "url": "https://plugins.gradle.org/m2/org/jetbrains/kotlinx/kotlinx-coroutines-core-jvm/1.5.0/kotlinx-coroutines-core-jvm-1.5.0.pom",
      "hash": "sha256-U2IuA3eN+EQPwBIgGjW7S9/kAWTv7GErvvze7LL/wqs="
    }
  }
}